// Jest Snapshot v1, https://goo.gl/fbAQLP

exports[`Table Data Transformers Tests should not transform data when print multiple times 1`] = `
"┌───────────┬──────────┬──────────┬────────────┬───────────┐
│[37m [0m[01mfirstName[0m │[37m [0m[01mlastName[0m │[37m [0m[01m  salary[0m │[37m [0m[01m Full Name[0m │[37m [0m[01mAfter Tax[0m │
├───────────┼──────────┼──────────┼────────────┼───────────┤
│[37m [0m[37m     John[0m │[37m [0m[37m     Doe[0m │[37m [0m[37m50000.00[0m │[37m [0m[37m  John Doe[0m │[37m [0m[37m 40000.00[0m │
│[37m [0m[37m     Jane[0m │[37m [0m[37m   Smith[0m │[37m [0m[37m60000.00[0m │[37m [0m[37mJane Smith[0m │[37m [0m[37m 48000.00[0m │
└───────────┴──────────┴──────────┴────────────┴───────────┘"
`;

exports[`Table Data Transformers Tests should not transform data when print multiple times 2`] = `
"┌───────────┬──────────┬──────────┬────────────┬───────────┐
│[37m [0m[01mfirstName[0m │[37m [0m[01mlastName[0m │[37m [0m[01m  salary[0m │[37m [0m[01m Full Name[0m │[37m [0m[01mAfter Tax[0m │
├───────────┼──────────┼──────────┼────────────┼───────────┤
│[37m [0m[37m     John[0m │[37m [0m[37m     Doe[0m │[37m [0m[37m50000.00[0m │[37m [0m[37m  John Doe[0m │[37m [0m[37m 40000.00[0m │
│[37m [0m[37m     Jane[0m │[37m [0m[37m   Smith[0m │[37m [0m[37m60000.00[0m │[37m [0m[37mJane Smith[0m │[37m [0m[37m 48000.00[0m │
└───────────┴──────────┴──────────┴────────────┴───────────┘"
`;

exports[`Table Data Transformers Tests should render transformed table correctly 1`] = `
"┌───────────┬──────────┬──────────┬────────────┬───────────┐
│[37m [0m[01mfirstName[0m │[37m [0m[01mlastName[0m │[37m [0m[01m  salary[0m │[37m [0m[01m Full Name[0m │[37m [0m[01mAfter Tax[0m │
├───────────┼──────────┼──────────┼────────────┼───────────┤
│[37m [0m[37m     John[0m │[37m [0m[37m     Doe[0m │[37m [0m[37m50000.00[0m │[37m [0m[37m  John Doe[0m │[37m [0m[37m 40000.00[0m │
│[37m [0m[37m     Jane[0m │[37m [0m[37m   Smith[0m │[37m [0m[37m60000.00[0m │[37m [0m[37mJane Smith[0m │[37m [0m[37m 48000.00[0m │
└───────────┴──────────┴──────────┴────────────┴───────────┘"
`;
